
Welcome to React Native v0.83
Starting dev server on http://localhost:8081


                        ▒▒▓▓▓▓▒▒
                     ▒▓▓▓▒▒░░▒▒▓▓▓▒
                  ▒▓▓▓▓░░░▒▒▒▒░░░▓▓▓▓▒
                 ▓▓▒▒▒▓▓▓▓▓▓▓▓▓▓▓▓▒▒▒▓▓
                 ▓▓░░░░░▒▓▓▓▓▓▓▒░░░░░▓▓
                 ▓▓░░▓▓▒░░░▒▒░░░▒▓▒░░▓▓
                 ▓▓░░▓▓▓▓▓▒▒▒▒▓▓▓▓▒░░▓▓
                 ▓▓░░▓▓▓▓▓▓▓▓▓▓▓▓▓▒░░▓▓
                 ▓▓▒░░▒▒▓▓▓▓▓▓▓▓▒░░░▒▓▓
                  ▒▓▓▓▒░░░▒▓▓▒░░░▒▓▓▓▒
                     ▒▓▓▓▒░░░░▒▓▓▓▒
                        ▒▒▓▓▓▓▒▒


 WARN  the transform cache was reset.
                Welcome to Metro v0.83.3
              Fast - Scalable - Integrated


 INFO  Dev server ready. Press Ctrl+C to exit.
 INFO  Interactive mode is not supported in this environment
 BUNDLE  ./index.js ░░░░░░░░░░░░░░░░ 0.0% (0/1)
 BUNDLE  ./index.js ░░░░░░░░░░░░░░░░ 1.0% (1/1)
 BUNDLE  ./index.js ▓▓▓▓▓▓░░░░░░░░░░ 40.5% (9/101)
 BUNDLE  ./index.js ▓▓▓▓▓▓░░░░░░░░░░ 40.5% (26/154)
 BUNDLE  ./index.js ▓▓▓▓▓▓░░░░░░░░░░ 40.5% (74/217)
 BUNDLE  ./index.js ▓▓▓▓▓▓░░░░░░░░░░ 40.5% (116/325)
 BUNDLE  ./index.js ▓▓▓▓▓▓░░░░░░░░░░ 40.5% (158/395)
 BUNDLE  ./index.js ▓▓▓▓▓▓░░░░░░░░░░ 40.5% (212/467)
 BUNDLE  ./index.js ▓▓▓▓▓▓░░░░░░░░░░ 40.5% (273/540)
 BUNDLE  ./index.js ▓▓▓▓▓▓░░░░░░░░░░ 40.5% (321/667)
 BUNDLE  ./index.js ▓▓▓▓▓▓░░░░░░░░░░ 40.5% (388/715)
 BUNDLE  ./index.js ▓▓▓▓▓▓░░░░░░░░░░ 40.5% (469/756)
 BUNDLE  ./index.js ▓▓▓▓▓▓░░░░░░░░░░ 42.7% (522/814)
 BUNDLE  ./index.js ▓▓▓▓▓▓▓░░░░░░░░░ 46.1% (590/869)
 BUNDLE  ./index.js ▓▓▓▓▓▓▓▓░░░░░░░░ 51.2% (640/926)
 BUNDLE  ./index.js ▓▓▓▓▓▓▓▓░░░░░░░░ 51.7% (682/956)
 BUNDLE  ./index.js ▓▓▓▓▓▓▓▓░░░░░░░░ 52.8% (742/1035)
 BUNDLE  ./index.js ▓▓▓▓▓▓▓▓▓░░░░░░░ 56.5% (790/1051)
 BUNDLE  ./index.js ▓▓▓▓▓▓▓▓▓░░░░░░░ 56.7% (794/1085)
 BUNDLE  ./index.js ▓▓▓▓▓▓▓▓▓░░░░░░░ 56.7% (847/1166)
 BUNDLE  ./index.js ▓▓▓▓▓▓▓▓▓░░░░░░░ 57.6% (910/1208)
 BUNDLE  ./index.js ▓▓▓▓▓▓▓▓▓▓░░░░░░ 66.8% (1017/1251)
 BUNDLE  ./index.js ▓▓▓▓▓▓▓▓▓▓▓░░░░░ 71.9% (1100/1303)
 BUNDLE  ./index.js ▓▓▓▓▓▓▓▓▓▓▓▓░░░░ 77.0% (1185/1350)
 BUNDLE  ./index.js ▓▓▓▓▓▓▓▓▓▓▓▓▓░░░ 86.3% (1291/1390)
 BUNDLE  ./index.js ▓▓▓▓▓▓▓▓▓▓▓▓▓▓▓░ 95.3% (1394/1440)
 BUNDLE  ./index.js ▓▓▓▓▓▓▓▓▓▓▓▓▓▓▓░ 96.1% (1461/1490)
 BUNDLE  ./index.js ▓▓▓▓▓▓▓▓▓▓▓▓▓▓▓░ 99.5% (1527/1531)
 BUNDLE  ./index.js 
 INFO  [1m[7m💡 JavaScript logs have moved![22m They can now be viewed in React Native DevTools. Tip: Type [1mj[22m in the terminal to open.[27m
 BUNDLE  src\core\storage/secureStorage.ts ▓▓▓▓▓▓▓▓▓░░░░░░░ 56.3% (110/223)
 BUNDLE  src\core\storage/secureStorage.ts 
 BUNDLE  ./index.js ░░░░░░░░░░░░░░░░ 0.0% (0/1)
 BUNDLE  ./index.js 
 BUNDLE  src\core\storage/secureStorage.ts 
 BUNDLE  ./index.js ░░░░░░░░░░░░░░░░ 0.0% (0/1)
 BUNDLE  ./index.js 
 BUNDLE  src\core\storage/secureStorage.ts 
 INFO  Launching DevTools...

 MAP  ./index.js ░░░░░░░░░░░░░░░░ 0.0% (0/1)
 MAP  ./index.js 
 MAP  src\modules\marks\screens/MarksScreen.tsx ░░░░░░░░░░░░░░░░ 0.0% (0/1)
 MAP  src\modules\marks\screens/MarksScreen.tsx 
